// Jest Snapshot v1, https://goo.gl/fbAQLP

exports[`CheckBox component should render with default theme 1`] = `
<div>
  <label
    class="sc-bdfBwQ fysQaf"
  >
    <input
      aria-label="File browser example"
      type="file"
    />
  </label>
</div>
`;
