// Jest Snapshot v1, https://goo.gl/fbAQLP

exports[`CheckBoxGroup component should render with default theme 1`] = `
<div>
  <table
    class="sc-jSgupP byYnCb"
  >
    <thead
      class="sc-bdfBwQ dbXZak"
    >
      <tr
        class="sc-dlfnbm faidzl"
      />
    </thead>
    <tbody
      class="sc-hKgILt cTJgxF"
    />
  </table>
</div>
`;
